<?xml version="1.0" ?>
<SXLEMAP version="2.1">   
  <TABLE name="VALUES"> 
    <TABLE-PATH syntax="XPath">/fmt/value</TABLE-PATH>
    <COLUMN name="FROM">
      <PATH>from</PATH>
      <TYPE>character</TYPE>
      <DATATYPE>STRING</DATATYPE>
      <LENGTH>16</LENGTH>        
    </COLUMN>
    <COLUMN name="TO">
      <PATH>to</PATH>
      <TYPE>character</TYPE>
      <DATATYPE>STRING</DATATYPE>
      <LENGTH>16</LENGTH>        
    </COLUMN>
    <COLUMN name="TO_EXCL">
      <PATH>to@excl</PATH>
      <TYPE>character</TYPE>
      <DATATYPE>STRING</DATATYPE>
      <LENGTH>1</LENGTH>        
    </COLUMN>
    <COLUMN name="LABEL">
      <PATH>label</PATH>
      <TYPE>character</TYPE>
      <DATATYPE>STRING</DATATYPE>
      <LENGTH>16</LENGTH>        
    </COLUMN>
    <COLUMN name="FLG_TOT">
      <PATH>label@tot</PATH>
      <TYPE>character</TYPE>
      <DATATYPE>STRING</DATATYPE>
      <LENGTH>1</LENGTH>        
    </COLUMN>
 </TABLE>
</SXLEMAP>          