<?xml version="1.0" ?>
<SXLEMAP version="2.1">
  <TABLE name="TYPE"> 
  <TABLE-PATH syntax="XPath">/IDX</TABLE-PATH>
      <COLUMN name="LIB">
      <PATH>type@lib</PATH>
      <TYPE>character</TYPE>
      <DATATYPE>STRING</DATATYPE>
      <LENGTH>8</LENGTH>        
    </COLUMN>
  </TABLE>   
  <TABLE name="SUBSET"> 
  <TABLE-PATH syntax="XPath">/IDX</TABLE-PATH>
      <COLUMN name="COND">
      <PATH>subset@cond</PATH>
      <TYPE>character</TYPE>
      <DATATYPE>STRING</DATATYPE>
      <LENGTH>128</LENGTH>        
    </COLUMN>
    <COLUMN name="SVAR">
      <PATH>subset/svar</PATH>
      <TYPE>character</TYPE>
      <DATATYPE>STRING</DATATYPE>
      <LENGTH>32</LENGTH>        
    </COLUMN>
  </TABLE>   
  <TABLE name="STAT"> 
  <TABLE-PATH syntax="XPath">/IDX/stat</TABLE-PATH>
    <COLUMN name="VAR">
      <PATH>var</PATH>
      <TYPE>character</TYPE>
      <DATATYPE>STRING</DATATYPE>
      <LENGTH>16</LENGTH>        
    </COLUMN>
    <COLUMN name="RDB">
      <PATH>rdb</PATH>
      <TYPE>character</TYPE>
      <DATATYPE>STRING</DATATYPE>
      <LENGTH>16</LENGTH>        
    </COLUMN>
    <COLUMN name="FMTVAR">
      <PATH>fmtvar</PATH>
      <TYPE>character</TYPE>
      <DATATYPE>STRING</DATATYPE>
      <LENGTH>32</LENGTH>        
    </COLUMN>
    <COLUMN name="FMTVAR_CASE">
      <PATH>fmtvar@case</PATH>
      <TYPE>character</TYPE>
      <DATATYPE>STRING</DATATYPE>
      <LENGTH>32</LENGTH>        
    </COLUMN>
    <COLUMN name="FMTVAR_TYPE">
      <PATH>fmtvar@fmtype</PATH>
      <TYPE>character</TYPE>
      <DATATYPE>STRING</DATATYPE>
      <LENGTH>1</LENGTH>        
    </COLUMN>
    <COLUMN name="WEIGHT">
      <PATH>weight</PATH>
      <TYPE>character</TYPE>
      <DATATYPE>STRING</DATATYPE>
      <LENGTH>8</LENGTH>        
    </COLUMN>
    <COLUMN name="STATISTIC">
      <PATH>statistic</PATH>
      <TYPE>character</TYPE>
      <DATATYPE>STRING</DATATYPE>
      <LENGTH>32</LENGTH>        
    </COLUMN>
    <COLUMN name="IDX_DESC">
      <PATH>/IDX/desc</PATH>
      <TYPE>character</TYPE>
      <DATATYPE>STRING</DATATYPE>
      <LENGTH>50</LENGTH>        
    </COLUMN>
    <COLUMN name="IDX_TYPE">
    	<PATH>/IDX/type</PATH>
      <TYPE>character</TYPE>
      <DATATYPE>STRING</DATATYPE>
      <LENGTH>1</LENGTH>        
    </COLUMN>
    <COLUMN name="IDX_GRANUL">
    	<PATH>/IDX/granul</PATH>
      <TYPE>character</TYPE>
      <DATATYPE>STRING</DATATYPE>
      <LENGTH>1</LENGTH>        
    </COLUMN>
 </TABLE>
 <TABLE name="UNIT"> 
    <TABLE-PATH syntax="XPath">/IDX/unit</TABLE-PATH>
    <COLUMN name="UNIT">
      <PATH>um</PATH>
      <TYPE>character</TYPE>
      <DATATYPE>STRING</DATATYPE>
      <LENGTH>8</LENGTH>        
    </COLUMN>
 </TABLE>
 <TABLE name="CLASS"> 
    <TABLE-PATH syntax="XPath">/IDX/class</TABLE-PATH>
    <COLUMN name="CASE">
      <PATH>/IDX/class@case</PATH>
      <TYPE>character</TYPE>
      <DATATYPE>STRING</DATATYPE>
      <LENGTH>1</LENGTH>        
    </COLUMN> 
    <COLUMN name="flCLONE">
      <PATH>cvar@clone</PATH>
      <TYPE>character</TYPE>
      <DATATYPE>STRING</DATATYPE>
      <LENGTH>1</LENGTH>        
    </COLUMN> 
    <COLUMN name="FMTYPE">
      <PATH>cvar@fmtype</PATH>
      <TYPE>character</TYPE>
      <DATATYPE>STRING</DATATYPE>
      <LENGTH>1</LENGTH>        
    </COLUMN> 	
    <COLUMN name="CVAR">
      <PATH>cvar</PATH>
      <TYPE>character</TYPE>
      <DATATYPE>STRING</DATATYPE>
      <LENGTH>16</LENGTH>        
    </COLUMN> 
    <COLUMN name="BRK">
    	<PATH>brk</PATH>
      <TYPE>character</TYPE>
      <DATATYPE>STRING</DATATYPE>
      <LENGTH>8</LENGTH>        
    </COLUMN> 
    <COLUMN name="RDB">
      <PATH>rdb</PATH>
      <TYPE>character</TYPE>
      <DATATYPE>STRING</DATATYPE>
      <LENGTH>16</LENGTH>        
    </COLUMN>
 </TABLE>
 <TABLE name="EU"> 
   <TABLE-PATH syntax="XPath">/IDX/eu</TABLE-PATH>
    <COLUMN name="AGGR">
      <PATH>/IDX/eu@aggr</PATH>
      <TYPE>character</TYPE>
      <DATATYPE>STRING</DATATYPE>
      <LENGTH>1</LENGTH>        
    </COLUMN> 
    <COLUMN name="FORCE60">
      <PATH>/IDX/eu@force60</PATH>
      <TYPE>character</TYPE>
      <DATATYPE>STRING</DATATYPE>
      <LENGTH>1</LENGTH>        
    </COLUMN> 
 </TABLE>
</SXLEMAP>          